[0m12:52:29.759004 [debug] [MainThread]: Sending event: {'category': 'dbt', 'action': 'invocation', 'label': 'start', 'context': [<snowplow_tracker.self_describing_json.SelfDescribingJson object at 0x000001F80AAA5FD0>, <snowplow_tracker.self_describing_json.SelfDescribingJson object at 0x000001F8086CC910>, <snowplow_tracker.self_describing_json.SelfDescribingJson object at 0x000001F80D3E39D0>]}


============================== 12:52:29.814974 | fcdc860a-ec8e-484a-b2b4-95c0186fe185 ==============================
[0m12:52:29.814974 [info ] [MainThread]: Running with dbt=1.12.5
[0m12:52:29.816063 [debug] [MainThread]: running dbt with arguments {'version_check': 'True', 'no_print': 'None', 'maximum_seed_size_mib': '1', 'warn_error_options': 'WarnErrorOptionsV2(error=[], warn=[], silence=[])', 'target_path': 'None', 'static_parser': 'True', 'printer_width': '80', 'write_json': 'True', 'introspect': 'True', 'log_cache_events': 'False', 'empty': 'None', 'cache_selected_only': 'False', 'log_format': 'default', 'debug': 'False', 'fail_fast': 'False', 'partial_parse': 'True', 'send_anonymous_usage_stats': 'True', 'quiet': 'False', 'warn_error': 'None', 'profiles_dir': 'C:\\Users\\nehab\\.dbt', 'invocation_command': 'dbt init insurance_dbt', 'hints_enabled': 'True', 'indirect_selection': 'eager', 'use_experimental_parser': 'False', 'use_colors': 'True', 'log_path': 'logs'}
[0m12:52:29.850548 [info ] [MainThread]: Creating dbt configuration folder at C:\Users\nehab\.dbt
[0m12:52:29.854628 [debug] [MainThread]: Starter project path: C:\Users\nehab\insurance-de-pipeline\.venv\Lib\site-packages\dbt\include\starter_project
[0m12:52:29.943491 [info ] [MainThread]: Setting up your profile.
[0m12:56:06.177095 [info ] [MainThread]: Profile insurance_dbt written to C:\Users\nehab\.dbt\profiles.yml using target's profile_template.yml and your supplied values.
[0m12:56:06.180734 [info ] [MainThread]: Running dbt debug to validate the project...
[0m12:56:06.181602 [info ] [MainThread]: dbt version: 1.12.5
[0m12:56:06.182138 [info ] [MainThread]: python version: 3.14.8
[0m12:56:06.182660 [info ] [MainThread]: python path: C:\Users\nehab\insurance-de-pipeline\.venv\Scripts\python.exe
[0m12:56:06.183216 [info ] [MainThread]: os info: Windows-11-10.0.26200-SP0
[0m12:56:06.271163 [info ] [MainThread]: Using profiles dir at C:\Users\nehab\.dbt
[0m12:56:06.272113 [info ] [MainThread]: Using profiles.yml file at C:\Users\nehab\.dbt\profiles.yml
[0m12:56:06.272703 [info ] [MainThread]: Using dbt_project.yml file at C:\Users\nehab\insurance-de-pipeline\insurance_dbt\dbt_project.yml
[0m12:56:06.274939 [info ] [MainThread]: adapter type: postgres
[0m12:56:06.275548 [info ] [MainThread]: adapter version: 1.11.0
[0m12:56:06.509506 [info ] [MainThread]: Configuration:
[0m12:56:06.510780 [info ] [MainThread]:   profiles.yml file [[32mOK found and valid[0m]
[0m12:56:06.511319 [info ] [MainThread]:   dbt_project.yml file [[32mOK found and valid[0m]
[0m12:56:06.511881 [info ] [MainThread]: Required dependencies:
[0m12:56:06.512451 [debug] [MainThread]: Executing "git --help"
[0m12:56:06.598869 [debug] [MainThread]: STDOUT: "b"usage: git [-v | --version] [-h | --help] [-C <path>] [-c <name>=<value>]\n           [--exec-path[=<path>]] [--html-path] [--man-path] [--info-path]\n           [-p | --paginate | -P | --no-pager] [--no-replace-objects] [--no-lazy-fetch]\n           [--no-optional-locks] [--no-advice] [--bare] [--git-dir=<path>]\n           [--work-tree=<path>] [--namespace=<name>] [--config-env=<name>=<envvar>]\n           <command> [<args>]\n\nThese are common Git commands used in various situations:\n\nstart a working area (see also: git help tutorial)\n   clone      Clone a repository into a new directory\n   init       Create an empty Git repository or reinitialize an existing one\n\nwork on the current change (see also: git help everyday)\n   add        Add file contents to the index\n   mv         Move or rename a file, a directory, or a symlink\n   restore    Restore working tree files\n   rm         Remove files from the working tree and from the index\n\nexamine the history and state (see also: git help revisions)\n   bisect     Use binary search to find the commit that introduced a bug\n   diff       Show changes between commits, commit and working tree, etc\n   grep       Print lines matching a pattern\n   log        Show commit logs\n   show       Show various types of objects\n   status     Show the working tree status\n\ngrow, mark and tweak your common history\n   backfill   Download missing objects in a partial clone\n   branch     List, create, or delete branches\n   commit     Record changes to the repository\n   merge      Join two or more development histories together\n   rebase     Reapply commits on top of another base tip\n   reset      Reset current HEAD to the specified state\n   switch     Switch branches\n   tag        Create, list, delete or verify a tag object signed with GPG\n\ncollaborate (see also: git help workflows)\n   fetch      Download objects and refs from another repository\n   pull       Fetch from and integrate with another repository or a local branch\n   push       Update remote refs along with associated objects\n\n'git help -a' and 'git help -g' list available subcommands and some\nconcept guides. See 'git help <command>' or 'git help <concept>'\nto read about a specific subcommand or concept.\nSee 'git help git' for an overview of the system.\n""
[0m12:56:06.599811 [debug] [MainThread]: STDERR: "b''"
[0m12:56:06.600452 [info ] [MainThread]:  - git [[32mOK found[0m]

[0m12:56:06.601059 [info ] [MainThread]: Connection:
[0m12:56:06.601707 [info ] [MainThread]:   host: localhost
[0m12:56:06.602652 [info ] [MainThread]:   port: 5432
[0m12:56:06.603232 [info ] [MainThread]:   user: postgres
[0m12:56:06.603839 [info ] [MainThread]:   database: insurance_pipeline
[0m12:56:06.604274 [info ] [MainThread]:   schema: public
[0m12:56:06.604907 [info ] [MainThread]:   connect_timeout: 10
[0m12:56:06.605560 [info ] [MainThread]:   role: None
[0m12:56:06.606196 [info ] [MainThread]:   search_path: None
[0m12:56:06.606816 [info ] [MainThread]:   keepalives_idle: 0
[0m12:56:06.607421 [info ] [MainThread]:   sslmode: None
[0m12:56:06.608010 [info ] [MainThread]:   sslcert: None
[0m12:56:06.608611 [info ] [MainThread]:   sslkey: None
[0m12:56:06.609172 [info ] [MainThread]:   sslrootcert: None
[0m12:56:06.609833 [info ] [MainThread]:   application_name: dbt
[0m12:56:06.610454 [info ] [MainThread]:   autocommit: False
[0m12:56:06.611038 [info ] [MainThread]:   retries: 1
[0m12:56:06.612128 [info ] [MainThread]: Registered adapter: postgres=1.11.0
[0m12:56:07.002044 [debug] [MainThread]: Acquiring new postgres connection 'debug'
[0m12:56:11.463466 [debug] [MainThread]: Using postgres connection "debug"
[0m12:56:11.463998 [debug] [MainThread]: On debug: select 1 as id
[0m12:56:11.464321 [debug] [MainThread]: Opening a new connection, currently in state init
[0m12:56:11.611743 [debug] [MainThread]: SQL status: SELECT 1 in 0.147 seconds
[0m12:56:11.613035 [debug] [MainThread]: On debug: Close
[0m12:56:11.613553 [info ] [MainThread]:   Connection test: [[32mOK connection ok[0m]

[0m12:56:11.614124 [info ] [MainThread]: [32mAll checks passed![0m
[0m12:56:11.614812 [info ] [MainThread]: Your new dbt project "insurance_dbt" was created!
Initialized new project in C:\Users\nehab\insurance-de-pipeline\insurance_dbt\insurance_dbt

For more information on how to configure the profiles.yml file,
please consult the dbt documentation here:

  https://docs.getdbt.com/docs/configure-your-profile

One more thing:

Need help? Don't hesitate to reach out to us via GitHub issues or on Slack:

  https://community.getdbt.com/

Happy modeling!

[0m12:56:11.615994 [debug] [MainThread]: Command `dbt init` succeeded at 12:56:11.615846 after 222.14 seconds
[0m12:56:11.616376 [debug] [MainThread]: Connection 'debug' was properly closed.
[0m12:56:11.616874 [debug] [MainThread]: Sending event: {'category': 'dbt', 'action': 'invocation', 'label': 'end', 'context': [<snowplow_tracker.self_describing_json.SelfDescribingJson object at 0x000001F80D20AB10>, <snowplow_tracker.self_describing_json.SelfDescribingJson object at 0x000001F80AAFA330>, <snowplow_tracker.self_describing_json.SelfDescribingJson object at 0x000001F80B6805A0>]}
[0m12:56:11.617452 [debug] [MainThread]: Flushing usage events
[0m12:56:12.604101 [debug] [MainThread]: An error was encountered while trying to flush usage events
